// Jest Snapshot v1, https://goo.gl/fbAQLP

exports[`Issue Detail Page renders correctly with data 1`] = `
<div
  className="page"
>
  <a
    href="/"
    onClick={[Function]}
  >
    Back
  </a>
</div>
`;
